// Jest Snapshot v1, https://goo.gl/fbAQLP

exports[`Notification tests renders correct list items: <li class="default_1tsdo2i" data-notification-type="default">New course available</li> 1`] = `"<li class=\\"default_2c02es\\" data-notification-type=\\"default\\">New course available</li>"`;

exports[`Notification tests renders correct list items: <li class="urgent_137u7ef" data-notification-type="urgent">New resume available</li> 1`] = `"<li class=\\"urgent_cyonix\\" data-notification-type=\\"urgent\\">New resume available</li>"`;

exports[`Notification tests renders correct list items: <li data-urgent="true" class="urgent_137u7ef"><strong>Urgent requirement</strong> - complete by EOD</li> 1`] = `"<li data-urgent=\\"true\\" class=\\"urgent_cyonix\\"><strong>Urgent requirement</strong> - complete by EOD</li>"`;
